[*] Skill source: auto (csv first, dataset fallback | csv=572)
[*] Processing 200 resume file(s) from: D:\Project\ATS\ATS Email Parser\Qulity HR\Bulk_Resumes_1775101335
[*] Workers: 8

#    File                   Name                           Phone          Gender   DOB            Email
───────────────────────────────────────────────────────────────────────────────────────────────────────────────────────────────────────
  1    11709463 - Prashant Singh.pdf Prashant Singh                 6393804413     Male     12/09/2001     singh777prashant@gmail.com
       Address: Address:. Village + Post – Mardah , Distt – ghazipur (UP) 23...
       Skills [13]: Inventory Management, Quality Control, Process Optimization, Production Planning, excel, python, laboratory equipment, test method  (+5 more)
  7    11743500 - Vaishnavi Anil Singh.pdf Vaishnavi Singh                7376324034     Male     ❌ N/A          vaishnavi9450singh@gmail.com
       Address: Dist- Ballia (UP) Pin-221716...
       Skills [14]: Quality Control, Tds, Sales, Compliance, Standard Operating Procedure, Excel, Batch Manufacturing, team management  (+6 more)
  4    11726244 - Sonu Kumar Sah.pdf Sonu Kumar Sah                 9801206116     Female   ❌ N/A          sonukumarsah609@gmail.com
       Address: Siwan , Bihar...
       Skills [12]: Root Cause Analysis, Autocad, time management, production line, quality control, pdca cycle, problem solve, operations  (+4 more)
  3    11725204 - Sp.pdf      Prajapati Sunilbhai Jayantibh  8141072976     Male     ❌ N/A          sp4091761@gmail.com
       Address: 07/04/2022 TO 06/04/2023....
       Skills [14]: C, Excel, Sap Hana, Sap, academic, interpersonal skills, sap r 3, sap business one  (+6 more)
  9    11755693 - Hingora Suhel.pdf Hingora Suhel                  +918200559569  ❌ N/A    ❌ N/A          suhelhingora2358@gmail.com
       Address: Gujarat State Educational Board, Gandhi Nagar, Gujarat., SSC...
       Skills [6]: Material Handling, Compliance, Distillation, Raw Material Handling, Production Planning, Process Control
  8    11749289 - Akhilesh Kumar Gond.pdf Akhilesh Kumar Gond            +919122940682  Male     ❌ N/A          akhileshkumara37641@gmail.com
       Address: Darauli , Dist:- Siwan (Bihar) ,Pin code- 841234...
       Skills [14]: documentation, welding, OEE, tpm, production planning, machine operation, height gauge, teaching  (+6 more)
  12   11771630 - Bhawani Singh.pdf Bhawani Singh Rathore          +919157837521  Male     22/07/1997     bhawanisingh@gmail.com
       Address: ❌ NOT FOUND
       Skills [15]: Quality Control, Compliance, Inspection, coordination, reporting, Illustrator, Photoshop, excel  (+7 more)
  10   11771628 - Rushikesh Madve.docx Raghunath Madve                08007799866    Male     ❌ N/A          rushikeshmadve@gmail.com
       Address: At & Post: - Badapokharan, Tal: - Dahanu, Dist:- Palghar, Ma...
       Skills [19]: Sales, Logistics, Inspection, Forecasting, Procurement, discipline, networking, self motivated  (+11 more)
  13   11771631 - Tanmay Rajput.pdf Tanmay Rajput                  +917378678448  ❌ N/A    ❌ N/A          tanmayrajput28@outlook.com
       Address: Dist.; Dhule, Maharashtra 425405...
       Skills [21]: Quality Control, Compliance, Distillation, Plant Operations, Production Planning, coordination, documentation, troubleshooting  (+13 more)
  15   11771633 - Amarendra Kantha.pdf Amarendrakantha                9827222809     Female   ❌ N/A          amarendrakantha17@gmail.com
       Address: Place : Rayagada , Odisha...
       Skills [10]: Crm, C, Titration, Filtration, time management, self motivated, positive attitude, adaptability  (+2 more)
  5    11736381 - Mohit Mishra.pdf Mohit Mishra                   8604329815     Male     ❌ N/A          mohitmishrams3@gmail.com
       Address: Prayagraj, India, 2016 –...
       Skills [32]: Data Analytics, Power BI, Etl, Mysql, Excel, Data Analysis, Sql, optimization  (+24 more)
  18   11771716 - Klondhe.pdf Kamleshwar Anil Londhe         +919637866403  Male     01/01/2000     klondhe988@gmail.com
       Address: priority. And I am also Doing Preparation Of (MPSC) Competit...
       Skills [5]: team leadership, financial management, communication skill, customer management, business management
  11   11771629 - Pravin Patel.docx Pravin                         9879921289     ❌ N/A    27/06/1972     pravin197227@gmail.com
       Address: At & Post : Dungri (R.S.) Bazar Area, Near Saw Mills, Dharas...
       Skills [10]: C, Excel, Autocad, draw solid, r, mills, Quality Control, CNC Machining  (+2 more)
  17   11771715 - Manjulajk.pdf Manjula                        +918637652299  ❌ N/A    ❌ N/A          manjulajk1995@gmail.com
       Address: State Board...
       Skills [11]: academic, software development, quality control, quality assurance, Sec, design manufacturing, c, c++  (+3 more)
  14   11771632 - Bauajee Jha.doc Store Keeping                  +917405414491  Male     26/07/2001     bauajeejha61@gmail.com
       Address: 1 st Division...
       Skills [4]: Excel, c, executive, MS Word
  2    11719199 - Nilesh Chavda.pdf Shivamappartment Vejalpurvast  +919157538955  ❌ N/A    ❌ N/A          nileshchavda045@gmail.com
       Address: ❌ NOT FOUND
       Skills [35]: documentation, marketing, recruitment, automation, accounting, bookkeeping, compliance, payroll  (+27 more)
  24   11771723 - Pravin Patil.pdf Pravin                         7768970503     Male     ❌ N/A          pravinpatil22696@gmail.com
       Address: ❌ NOT FOUND
       Skills [2]: critical thinking, Quality Control
  6    11739739 - Pgdm Aicte Ap.pdf Mayank Kumar                   +917983281581  ❌ N/A    ❌ N/A          mayanktarar11@gmail.com
       Address: ❌ NOT FOUND
       Skills [49]: analytics, coordination, crm, finance, formulation, marketing, strategy, cloud  (+41 more)
  16   11771634 - Aman Sharma.pdf Aman Sharma                    7067453150     Male     ❌ N/A          sharmaaman37820@gmail.com
       Address: Dist, -Morena ,Madhya Pradesh - 476111...
       Skills [3]: academic, targets, reading
  25   11771724 - Anuj Kumar Maurya.pdf Anuj Maurya                    +919305976106  Female   ❌ N/A          anujmaueya9876@gmail.com
       Address: Pradesh 222202, India...
       Skills [5]: Quality Control, excel, time management, microsoft office, problem solve
  27   11771726 - Saini Kamal Savarmal.pdf Saini Kamal Savarmal           +917666041929  ❌ N/A    ❌ N/A          kamalsaini.bsf.99@gmail.com
       Address:  12 th with 51.23% in 2018 MAHARASHTRA STATE BORAD,  10 th...
       Skills [8]: Dispatch, Accounting, excel, erp, tally erp, computer platform, Tally, Logistics
  26   11771725 - Rajveer Singh.pdf Rajveer Singh                  +918619586071  Male     17/05/1991     rajveer.rr497@gmail.com
       Address: Village - Basantgarh, Teshil - Pindwara, District- Sirohi, R...
       Skills [12]: Procurement, Sap, erp, inventory management, people management, team build, problem solve, decision make  (+4 more)
  30   11771729 - Bijendra Kumar.pdf Bijendra Kumar                 8905169922     ❌ N/A    ❌ N/A          kumarbijendra640@gmail.com
       Address: DUNGRA, VAPI, VALSAD, GUJARAT....
       Skills [11]: Sales, Dispatch, Tally Prime, Tally, Excel, Enterprise Resource Planning, Sap, erp  (+3 more)
  29   11771728 - Sunny Sharma.pdf Sunny Ramkishor Sharma         +919974032158  ❌ N/A    07/06/2004     sunnysharma.7279@gmail.com
       Address: 12 th Commerce, GSEB Gujarat (2021) – 42.14%, 10 th, GSEB Gu...
       Skills [12]: Sales, Tally, Accounting, excel, erp, gst, public speaking, tally erp  (+4 more)
  31   11771730 - Onkar Rajegaonkar.docx Onkarraje                      +919370339933  Male     01/05/2001     onkarraje2151@gmail.com
       Address: B-165 , satyanaryana nagar ,jule solapur, solapur 413004...
       Skills [16]: Hazop, Distillation, Standard Operating Procedure, Sap, excel, risk management, material balance, manage time  (+8 more)
  32   11771731 - Vipul Lad.pdf Vipulkumar Lad                 +919737164038  Male     ❌ N/A          ladvipul1989@gmail.com
       Address: Valsad, Gujarat INDIA...
       Skills [17]: Tds, Sales, C, Import Export, Bank Reconciliation, Forecasting, Accounting, logistics  (+9 more)
  20   11771718 - Vk.pdf      Vishnu Kumar                   9568640524     Male     ❌ N/A          vk9568640524@gmail.com
       Address: UP 281306...
       Skills [8]: testing, academic, PCM, engineering knowledge, chemistry, teaching, english written, reading
  34   11771932 - Key Skills.pdf Rakesh Rahi                    +919871567588  Male     ❌ N/A          rakeshrahi@gmail.com
       Address: Gurgaon, Haryana...
       Skills [18]: Negotiation, Cost Reduction, Sourcing, Logistics, Go, Procurement, excel, strategic sourcing  (+10 more)
  33   11771732 - Jyoti Singh.pdf Qualificati Ons                9328796680     Male     ❌ N/A          jyotisingh78748@gmail.com
       Address:  Permanent Address : Atul 1 st Gate, Shiv palace Apt-107, B...
       Skills [8]: communication skill, MS Word, Internal Auditing, Excel, PowerPoint, Financial Analysis, Training & Development, SEM
  28   11771727 - Kuldeep Yadav.pdf Kuldeep Kumar                  +919935373117  Male     20/12/1998     kpyadav4656@gmail.com
       Address: District - Prayagraj, Pin Code - 221508, State - Uttar Prade...
       Skills [31]: documentation, testing, troubleshooting, academic, drawings, hydraulic, inspection, compliance  (+23 more)
  21   11771719 - Vijay Kumar.pdf Vijay Kumar                    +917903975406  Male     ❌ N/A          vk2532120@gmail.com
       Address: SIwan (BIHAR) Pin Code: 841238...
       Skills [28]: coordination, documentation, academic, medical, physical, planning, organizational, reporting  (+20 more)
  22   11771721 - Ramesh Mishra.pdf Ramesh Mishra                  7359103960     Male     ❌ N/A          1588.ramesh@gmail.com
       Address: ❌ NOT FOUND
       Skills [32]: Material Handling, Recruitment, Esic, Payroll Management, Sales, Compliance, Logistics, Inspection  (+24 more)
  40   11771939 - Gaurav Patare.pdf Gaurav Rajendra Patare         8208474075     Male     ❌ N/A          pataregaurav@gmail.com
       Address: Ghogargaon Newasa 413725...
       Skills [2]: cGMP, Regulatory Compliance
  19   11771717 - Pradeep Murmu.pdf Mrf Tyres Dahej                7061529505     ❌ N/A    ❌ N/A          pradeepmurmu108@gmail.com
       Address: ❌ NOT FOUND
       Skills [28]: Problem Solving, Breakdown Maintenance, Cost Reduction, Compliance, Preventive Maintenance, C, Tpm, Kaizen  (+20 more)
  42   11771941 - Kapil Adhikari.docx Kapil Adhikari                 ❌ NOT FOUND    Male     30/07/1990     ❌ NOT FOUND
       Address: Warehouse Executive, 07/2015 - Current...
       Skills [9]: C, Quality Assurance, Accounting, Procurement, Warehouse Management, Quality Audits, Inventory Management, Production Planning  (+1 more)
  43   11771942 - Md Rafiuddin Zamadar.pdf Noida                          8327053292     ❌ N/A    ❌ N/A          zamadarrafi@gmail.com
       Address: ❌ NOT FOUND
       Skills [3]: Sales, customer engagement, problem solve
  44   11771943 - Dinesh Yadav.doc ❌ Error: Failed to extract from 11771943 - Dinesh Yadav.doc: textract error: antiword missing; Word COM extraction error: (-2147221008, 'CoInitialize has not been called.', None, None)
  45   11771944 - Ms.pdf      Dedicated To Maximizing        6397731400     Male     ❌ N/A          ms281488@gmail.com
       Address: Saharanpur, India 247554...
       Skills [24]: Negotiation, Quality Control, Crm, Sales, Hplc, Sourcing, Logistics, Process Optimization  (+16 more)
  35   11771933 - Himanshu Pandey.pdf Himanshu Pandey                +916386627854  Male     ❌ N/A          pandey638362@gmai.com
       Address: Kilvani Naka Shree Krishnan Hospital Silvassa Dadra Nagar Ha...
       Skills [14]: Tally Prime, Tally, Excel, Enterprise Resource Planning, academic, purchase order, erp, bank statement  (+6 more)
  41   11771940 - Roshanee Parmar.pdf Roshanee Parmar                +919664894876  ❌ N/A    ❌ N/A          roshuparmar30@gmail.com
       Address: ❌ NOT FOUND
       Skills [25]: Root Cause Analysis, Compliance, Vendor Coordination, Procurement, documentation, monitoring, excel, quality control  (+17 more)
  47   11771946 - Chanda Pujari.pdf Chandrabhaga Dharmesh Patel    +918128330587  Female   ❌ N/A          pujarichanda8@gmail.com
       Address: 2002 H.S.C...
       Skills [33]: Esic, Sales, Dispatch, Accounts Payable, Compliance, C, Tally Prime, Tally  (+25 more)
  37   11771936 - Punit Pandey.docx Punit Pandey                   +919198900111  Male     05/03/1993     punitpandeymail@yahoo.com
       Address: Pin code -273015...
       Skills [29]: coordination, cad, calibration, kaizen, robotics, balancing, monitoring, SAP HANA  (+21 more)
  36   11771934 - Vivekanand Vishwakarma.pdf Uiet Csjmu Kanpur              +918795065219  ❌ N/A    ❌ N/A          vivekanandvishwakarma2550@gmail.com
       Address: Barauni Bihar...
       Skills [41]: testing, organizational, excel, python, tds, chemical engineering, time management, natural  (+33 more)
  38   11771937 - Ashish Yadav.pdf Application                    9454185084     Male     ❌ N/A          ashish1594yadav@gmail.com
       Address: JANVI APARTMENT , KUDSAD...
       Skills [12]: excel, mechanical engineering, c, energetic, justice, synopsis, yarn, refrigeration  (+4 more)
  23   11771722 - Naman Agarwal.pdf Naman Agarwal                  +919648462175  Male     ❌ N/A          csnaman675@gmail.com
       Address: SEBI LODR Regulations, 2015, SEBI (Insider Trading) Regulati...
       Skills [33]: Onboarding, Compliance, C, Ccd, Excel, Statutory Compliance, documentation, auditors  (+25 more)
  39   11771938 - Khan Ahmed.pdf Khan Ahmed                     9427606629     Female   07/09/2002     khan1200ahmed@gmail.com
       Address: OPP IMRAN NAGAR, VAPI....
       Skills [8]: autocad, r, c, flywheel, editing, CRM, Customer Satisfaction, Inspection
  46   11771945 - Manish Ghode.pdf Growth                         9209680466     Male     ❌ N/A          manishghode745@gmail.com
       Address: Nagpur, Maharashtra 441501...
       Skills [6]: shipping, logistics, growth organization, food products, positive attitude, Vendor Management
  50   11771949 - Pawan Omkar.docx Pawan Omkar                    9399080016     Male     04/05/1999     pawanomkar000@gmail.com
       Address: Karwar, Darimeta, Pandhurna, Chhindwara (MP) 480334...
       Skills [21]: Recruitment, Quality Control, Onboarding, Compliance, Grievance Handling, Statutory Compliance, coordination, documentation  (+13 more)
  52   11771951 - Bolisetti Jnana Sourabh.pdf Bolisetti Jnana Sourabh        7901002673     Male     ❌ N/A          bjsunique02@gmail.com
       Address: Tuni, India, • Oversaw the monitoring of various molecules a...
       Skills [15]: Solvent Recovery, Distillation, testing, optimization, chemical engineering, engineering calculation, process optimization, microsoft office  (+7 more)
  53   11771952 - Amresh Kumar.pdf Industry Excellence            +919115507793  ❌ N/A    ❌ N/A          amreshme1406@gmail.com
       Address: materials like SA 210 Gr A 1, SA 213 Gr T 11, T 22 & T 91 an...
       Skills [16]: Preventive Maintenance, Rca, asset, monitoring, optimization, condition monitor, diesel engine, reliability  (+8 more)
  49   11771948 - Tuhin Banerjee.pdf Tuhin Prasanjit Banerjee       +916355062382  Male     01/04/2003     banerjeet138@gmail.com
       Address: H-403, Kalpataru and Bhagyodaya Society, Dahad Road...
       Skills [23]: Dispatch, Tally, Logistics, Accounting, documentation, payroll, networking, customer service  (+15 more)
  48   11771947 - Dharmesh S Patel.pdf Dharmesh                       +918160584022  Male     ❌ N/A          dharmesh040418@gmail.com
       Address: Khambhat, Dist. Anand, Gujarat, 388620...
       Skills [39]: Inventory Management, Quality Control, Sales, C, Tally Erp, Tally, Logistics, Enterprise Resource Planning  (+31 more)
  60   11785747 - Virendra Prajapat.pdf Virendra Prajapati             +919691584357  Male     ❌ N/A          virendra.prajapat9691@gmail.com
       Address: Location: Ujjain, Madhya Pradesh...
       Skills [5]: Data Analysis, Troubleshooting, Project Management, Production Planning, Process Control
  51   11771950 - Sudhir Choudhary.pdf Sudhir Choudhary               +916352346415  Female   ❌ N/A          sudhirchoudhary838@gmail.com
       Address: by NIFTY 100 Listed Indian Banks....
       Skills [38]: documentation, sustainability, troubleshooting, campaigns, compliance, planning, organizational, reporting  (+30 more)
  55   11785742 - Tailor Meet.pdf Tailormeet                     916352515915   ❌ N/A    ❌ N/A          tailormeet00@gmail.com
       Address: ❌ NOT FOUND
       Skills [5]: interpersonal skills, higher certificate, effective team, writing, chemistry computer
  54   11785741 - Tejas Patat.pdf Ejaspatat                      6356462261     ❌ N/A    25/10/2003     ejaspatat@gmail.com
       Address: Maljinjava TA: Talala Gir Dist: Gir Somnath...
       Skills [10]: plc, chemical engineering, batch reactor, production engineering, creativity, c, executive, positive attitude  (+2 more)
  62   11785749 - Tandel Nimesh.pdf Tandel Nimeshkumar Ramanbhai   9998250878     Female   04/02/1994     tandelnimesh141@gmail.com
       Address: Gujarat,396310...
       Skills [3]: Effluent Treatment Plant, Filter Press, communication skill
  56   11785743 - About Me.pdf Chaitanya Chinnarii            9440069399     ❌ N/A    ❌ N/A          chaitanya.chinnarii@gmail.com
       Address: ❌ NOT FOUND
       Skills [20]: Distillation, investigation, troubleshooting, discipline, heat exchanger, process design, problem solve, pressure drop  (+12 more)
  64   11785751 - Vishal Bharti.pdf Vishal Bharti                  +918957506772  Male     ❌ N/A          vishalbharti3007@gmail.com
       Address: Piparsend,Lucknow 226008...
       Skills [8]: Compliance, time management, analytical skill, problem solve, skills skill, skill analytical, creativity, Quality Audits
  57   11785744 - Bukya Arun Kumar Naik.pdf Arunkumarnaik                  919392422687   ❌ N/A    ❌ N/A          arunkumarnaik531@gmail.com
       Address: ❌ NOT FOUND
       Skills [22]: discipline, optimization, chemical engineering, equipment maintenance, heat exchanger, pressure drop, problem solve, secondary education  (+14 more)
  65   11785752 - Abhishek Swarnkar.pdf Abhishek Kumar Swarnkar        8920929211     Male     12/02/1995     abhirswarnkar@gmail.com
       Address: Add.- Bhanda, Bhanda, Bhadohi, Uttar Pradesh...
       Skills [7]: Compliance, Autocad, architectural, Revit, GIS, construction, dec
  68   11785901 - Pooja Kushwaha.pdf Pooja Kushwaha                 9650632451     Female   ❌ N/A          pooja.kushwaha2589@gmail.com
       Address: 67/13 Chhuriya Mohalla Tughlakabad village New Delhi -110044...
       Skills [23]: Inventory Management, Negotiation, Cost Reduction, Compliance, Sourcing, Contract Management, Logistics, Forecasting  (+15 more)
  66   11785753 - Piyush Ashok Patil.pdf Piyush Ashok Patil             +919106362501  Male     ❌ N/A          piyush27003@gmail.com
       Address: • Publication Award, NC-RISES 2024...
       Skills [40]: Data Science, networking, excel, html, java, javascript, mysql, oracle  (+32 more)
  67   11785754 - Aman Kumar Goswami.pdf Aman Kumar Goswami             +916261306213  Female   ❌ N/A          rg73796@gmail.com
       Address: ❌ NOT FOUND
       Skills [18]: Problem Solving, Recruitment, Shift Management, Leave Management, Onboarding, Compliance, Grievance Handling, Excel  (+10 more)
  58   11785745 - Chandraprakash Bangde.pdf Resum                          +918140465856  ❌ N/A    ❌ N/A          e-mailid-chandu5bangde@yahoo.co.in
       Address: Dist-Chhindwara(M.P.)Pin-480105,India...
       Skills [10]: formulation, c, r, chemistry, dec, customer requirement, Quality Control, MFI Testing  (+2 more)
  59   11785746 - Ashish Bisht.pdf Ashish Bisht                   7500869239     Male     ❌ N/A          ashishbisht34146@gmail.com
       Address: Greater Noida 201008 (Uttar-Pradesh), I am currently working...
       Skills [22]: Excel, Enterprise Resource Planning, Accounting, classification, documentation, academic, asset, erp  (+14 more)
  69   11785902 - Jitendra Rai.pdf Jitendra Kumar Rai             8787223649     ❌ N/A    ❌ N/A          jitendraraihata@gmail.com
       Address: VILL- KURMAUTA CHAINPUR POST, KURMAUTA MANJHARIA DIST, KUSHI...
       Skills [5]: academic, chemical engineering, paper mill, organization growth, reading
  74   11785907 - Dhrumi Parkhiya.pdf Dhrumi Parkhiya                +917862985611  Male     ❌ N/A          parakhiyadhrumi2004@gmail.com
       Address: ¾ officer quarter near k.k.mori chowk veraval, APPLIED POST:...
       Skills [8]: Tds, Dispatch, Compliance, Sap, goal orient, calculations, writing, Quality Control
  76   11785909 - Harsh Gupta.pdf Harsh Gupta                    6392622644     Male     ❌ N/A          harshgupta2861@gmail.com
       Address:  Suzuki Motors Gujarat Air Washer, VRV system, AHU projects...
       Skills [18]: Ms Project, Excel, Sap, coordination, documentation, drawing, refrigerant, hvac  (+10 more)
  75   11785908 - Rohith Rao.pdf Rohith Rao                     7013145754     ❌ N/A    ❌ N/A          jrohithrao2002@gmail.com
       Address: ❌ NOT FOUND
       Skills [26]: Gap Analysis, excel, python, sql, tableau, Power BI, data pipeline, ETL  (+18 more)
  70   11785903 - Rohit Khetri.pdf Rohit Kumar Kumawat            7733012064     Male     ❌ N/A          rohitkhetri786@gmail.com
       Address: Kalwar Road Jhotwara, Jaipur Rajasthan -302012...
       Skills [45]: coordination, documentation, recruitment, automation, auditing, logistics, optimization, excel  (+37 more)
  78   11785911 - Himanshu Gupta.pdf Gupta Himanshu                 8112809164     Male     ❌ N/A          gupta2502himanshu@gmail.com
       Address: Business 360 - Brick & mortar and Ecommerce...
       Skills [26]: Power BI, Etl, Sql, Data Visualization, Tableau, Business Intelligence, Python, mysql  (+18 more)
  61   11785748 - Kavan0105 Pathak.pdf Kavan Pathak                   9714243130     ❌ N/A    ❌ N/A          kavanpathak101@gmail.com
       Address: Vadodara, Gujarat India...
       Skills [57]: Problem Solving, Recruitment, Linux, Employee Relations, Financial Reporting, Esic, Payroll Management, Onboarding  (+49 more)
  80   11785913 - Narsireddy Annapureddy.pdf Narsireddy Annapureddy         +918341499839  ❌ N/A    ❌ N/A          annapureddynarsireddy839@gmail.com
       Address: Guntur, Andhra Pradesh...
       Skills [13]: html, java, Core Java, JVM, CSS, programming languages, c, polymorphism  (+5 more)
  81   11785914 - Mohammad Sohail.pdf Mohammad Sohail                919179499764   ❌ N/A    ❌ N/A          sohailmohammad999@gmail.com
       Address: Pune, Maharashtra...
       Skills [20]: excel, git, mysql, postgresql, python, sql, tableau, Power BI  (+12 more)
  82   11785915 - Shiv Dubey.pdf Shivkumar Dubey                8120199785     Male     06/02/2002     dshiv90396@gmail.com
       Address: ❌ NOT FOUND
       Skills [8]: Onboarding, Logistics, coordination, security, office administration, facility management, logbook, guest relations
  72   11785905 - Pratim Rakshit.pdf Pratimrakshit                  +917980532349  ❌ N/A    ❌ N/A          pratimrakshit02@gmail.com
       Address: ❌ NOT FOUND
       Skills [47]: analytics, marketing, testing, automation, asset, compliance, monitoring, optimization  (+39 more)
  84   11785917 - Taha Benbitour.pdf Taha Benbitour                 0772102391     ❌ N/A    ❌ N/A          tahabenbitour@gmail.com
       Address: street 1 st novembre block 618 N 04/ dar chioukh - djelfa, T...
       Skills [2]: Data Analysis, Excel
  73   11785906 - Vishal Yadav.pdf Vishal Yadav                   39918463058    Male     ❌ N/A          vishalyadav3339@gmail.com
       Address: ❌ NOT FOUND
       Skills [23]: automation, electrical, inspection, robotics, cloud, monitoring, control system, smart grid  (+15 more)
  71   11785904 - Shivam Suryawanshi.pdf Village- Ragadgaon             8103406281     ❌ N/A    ❌ N/A          satyamsuryavanshi1234@gmail.com
       Address: Village- ragadgaon, post- ragadgaon tehsil -multai dist - be...
       Skills [25]: Problem Solving, Material Handling, C, Sap, banking, chemical engineering, team management, job description  (+17 more)
  85   11785918 - Anjali Thacker.pdf Thacker Anjali                 +919925921056  Female   ❌ N/A          anjalithacker.work@gmail.com
       Address: Bhuj, India...
       Skills [16]: Recruitment, Compliance, Performance Management, Appraisal, Employee Engagement, coordination, canva, Strategic Planning  (+8 more)
  63   11785750 - Gameontoy.pdf Gandhi Ram Maharana            +919601635855  Male     ❌ N/A          gameontoy@gmail.com
       Address: Vapi (Gujarat) 396 195...
       Skills [31]: documentation, monitoring, logistics, reporting, purchase order, internal audit, production planning, production process  (+23 more)
  79   11785912 - Thakkar Sureshkumar Laljibhai.pdf Thakkar Sureshkumar Laljibhai  +919998220936  Male     10/10/1967     aksharslt@gmail.com
       Address: Representative (MR) Reports for ISO - 9002 & ISO - 14002 sys...
       Skills [53]: Dispatch, Hazop, Compliance, coordination, documentation, investigation, testing, electrical  (+45 more)
  88   11785930 - R L Subrisha.pdf Subrisha                       +916369594767  Female   ❌ N/A          subrisha.5@gmail.com
       Address: 6/311, Anna Nagar, Ganapathi Nagar, Ayyampatti...
       Skills [20]: excel, conflict resolution, time management, employee engagement, problem solve, team leadership, event planning, employee relation  (+12 more)
  91   11785933 - Shivharsh Pandey.pdf Shivharsh Pandey               8853423757     Male     31/10/2002     shivharshpandey065@gmail.com
       Address: 12 th (Science) – ISC, 2019 | RPM Academy, Gorakhpur, 10 th ...
       Skills [17]: Recruitment, Financial Reporting, Compliance, Tally Erp, Tally, Sourcing, Enterprise Resource Planning, Accounting  (+9 more)
  87   11785929 - Ajay Tiwari.pdf Ajay Kumar Tiwari              9755695668     Male     ❌ N/A          ajaytiwari7886@gmail.com
       Address: VILLAGE-POST PADARI, DISTT REWA MADHYA PRADESH, Pin code- 48...
       Skills [5]: finance, academic, self motivation, c, positive attitude
  77   11785910 - Manish Saini.pdf Karauta Urf Nebuiya Paratawal  7084110461     ❌ N/A    20/08/1998     manishs7084@gmail.com
       Address: VERAVAL (SAPAR) DIST RAJKOT-360024, Injection molding depart...
       Skills [18]: Coating, injection molding, extrusion coating, quality control, new product development, research and development, problem solve, r  (+10 more)
  92   11785934 - Priti Singh.pdf Priti Singh                    9313078879     ❌ N/A    ❌ N/A          pritisingh2416@gmail.com
       Address: E-608 Yogi hills society near balaji temple silvassa, (DNH) ...
       Skills [10]: Sales, coordination, marketing, excel, life sciences, closing, inquiry, broadcasting  (+2 more)
  94   11785936 - Jayant Rai.pdf Rajiv Gandhi                   7693850747     Male     24/10/2001     raijayant932@gmail.com
       Address:  City & State - Jabalpur,(M.P.),  Nationality - Indian...
       Skills [10]: Inventory Management, Inspection, organizational, excel, organizational skill, adaptability, positive attitude, SCADA  (+2 more)
  86   11785919 - Udayveer Rajpoot.pdf Udayveer Rajput                8223926988     Male     ❌ N/A          rajpootudayveer39@gmail.com
       Address: Gandhi Nagar ward no.16 Gohad bhind, Madhya Pradesh (MP)...
       Skills [32]: Problem Solving, Breakdown Maintenance, Coating, Effluent Treatment Plant, Preventive Maintenance, Training And Development, Excel, Enterprise Resource Planning  (+24 more)
  97   11785939 - Ashwani Rajput.pdf Ashwani Kumar                  9026358127     Male     ❌ N/A          rajputashwani257@gmail.com
       Address: to 11/2024 ....
       Skills [21]: Coating, Kaizen, Inspection, Excel, Sap, metrology, caliper, operating system  (+13 more)
  83   11785916 - Anthony Promise.pdf Anthony Edosawe Promise        09160216338    ❌ N/A    ❌ N/A          anthonypromise2005@gmail.com
       Address: No 22 odgobolu Street ketu, Lagos, "Dear Hiring Manager...
       Skills [10]: excel, sql, data analysis, detail orient, Power BI, r, data visualization, subcategory  (+2 more)
  90   11785932 - Pratik Patel.pdf Madurai Kamaraj                +919099495976  Female   13/08/1991     pratikpatel2025@gmail.com
       Address: Gujarat Higher...
       Skills [17]: Sketch, Hplc, Iso 9001, chromatography, secondary education, iso iec, iso iec 17025, analytical skill  (+9 more)
  101  11785962 - Mitali Lad.pdf Lad Mitali                     9662900323     Female   ❌ N/A          drvishaljmali@gmail.com
       Address: Sutharwad Segvi, Valsad 396007...
       Skills [7]: excel, time management, adaptability, MS Word, PowerPoint, Employee Engagement, SEM
  96   11785938 - Akash Patel.pdf Akashbhai Nanubhai Patel       +919558866270  Male     10/08/2003     akashpatel6627@gmail.com
       Address: At & Po Pipalgabhan (Khutiya Amba), Ta- Chikhli, Dist- Navsa...
       Skills [17]: Hplc, documentation, testing, calibration, critical thinking, laboratory equipment, plastic material, pharmaceuticals  (+9 more)
  89   11785931 - Susmriti Dolui.pdf Susmriti Dolui                 8967754901     Female   ❌ N/A          doluisusmriti@gmail.com
       Address: ❌ NOT FOUND
       Skills [37]: Tds, Hplc, Distillation, Derivatives, chromatography, sustainability, testing, academic  (+29 more)
  95   11785937 - Gagan Rajpal.docx Gagan                          +918218313372  Male     30/08/1997     rajpalgagan991@gmail.com
       Address: Rishikesh Uttarakhand, (249204)...
       Skills [15]: Payroll Processing, Recruitment, Onboarding, Employee Engagement, academic, academy, payroll, hotel management  (+7 more)
  98   11785940 - Akif Raja.pdf Mdakifraza                     +918873720402  ❌ N/A    29/08/2002     mdakifraza12@gmail.com
       Address: State. Bihar 841214...
       Skills [38]: Coating, Cost Reduction, C, Kaizen, Standard Operating Procedure, aerospace, caliper, excel  (+30 more)
  106  11786487 - Minhaj Selot.pdf Minhaj Selot                   +919898340428  Male     ❌ N/A          mselot044@gmail.com
       Address: Pin-392001 (GUJARAT) INDIA...
       Skills [2]: operating system, Troubleshooting
  93   11785935 - Rohit Shukla.docx Rohit Shukla                   +919729965264  Male     20/10/1984     rohitshukla21@gmail.com
       Address: • Manage production operations for telecom and optical fiber...
       Skills [45]: Root Cause Analysis, Ohsas 18001, Compliance, Quality Assurance, Iso 9001, Kaizen, Inspection, Capa  (+37 more)
  99   11785941 - Ajay Mishra.pdf Ajay Mishra                    +919644899908  Male     ❌ N/A          ajaymishra509@gmail.com
       Address: ❌ NOT FOUND
       Skills [42]: cGMP, Team Leadership, Compliance, Effluent Treatment Plant, Preventive Maintenance, Rca, Tpm, Capa  (+34 more)
  109  11786490 - Sardar Dewanda.pdf Sardar Singh Dewanda           +919694210177  ❌ N/A    01/01/1993     sdewanda44@gmail.com
       Address: ❌ NOT FOUND
       Skills [29]: Compliance, Rca, Manpower Planning, Standard Operating Procedure, Logistics, Capa, Sap Hana, Sap  (+21 more)
  103  11785964 - Prajapati Tirth.pdf Hsc Gsheb                      7359016681     Male     ❌ N/A          tirthprajapati4774@gmail.com
       Address: Working as aChemicalPlantSupervisor from August 2025 on ward...
       Skills [13]: C, academic, organizational, chemical engineering, problem solve, positive attitude, engineering project, research  (+5 more)
  104  11785965 - Paresh Ram.pdf Paresh Ukabhai Ram             +919898891666  Male     ❌ N/A          rhrlpram92@gmai.com
       Address: 1) An opportunity to obtain an entry level position in the H...
       Skills [30]: Recruitment, Onboarding, Compliance, Employee Engagement, coordination, documentation, strategy, accounting  (+22 more)
  112  11786512 - Karan Tokiya.docx Karanbhai Arvindbhai Tokiya    9265690609     Male     ❌ N/A          ktokiya0@gmail.com
       Address: Gas Chromatography (Shimadzu GC-2014, agileunt 8890), HPCL (...
       Skills [7]: Hplc, laboratory, analytical skill, internet skills, Data Analysis, Quality Control, Equipment Calibration
  111  11786492 - Dhruv Baliyan.pdf Dhruv Baliyan                  +919548658828  Male     ❌ N/A          raghuvanshidhruv@gmail.com
       Address: • Prepwise (2025) — Engineered a full-stack interview engine...
       Skills [28]: Django, agile, testing, cloud, git, java, javascript, mongodb  (+20 more)
  107  11786488 - Dharmendra Prajapati.pdf Dharmendra Jagarnath Prajapat  9662380200     Male     14/05/1999     dharmendra30140@gmail.com
       Address: HPLC Systems – Agilent 1280 Series (OpenLab, OpenLab CDS), S...
       Skills [31]: Compliance, Analytical Method Validation, Preventive Maintenance, Hplc, cGMP, coordination, documentation, formulation  (+23 more)
  105  11785966 - Dnyaneshwar Patil.pdf Akshar Heights                 7878199507     ❌ N/A    27/11/1993     dnyanupatil03@gmail.com
       Address: Village Dapada, Silvassa, Dadra and Nagar Haveli-396230...
       Skills [24]: Breakdown Maintenance, cGMP, Preventive Maintenance, C, Effluent Treatment, troubleshooting, academic, monitoring  (+16 more)
  108  11786489 - Dilip Sharma.pdf Dilip Kumar                    260102163429   Male     07/02/1982     dilipsharma7282@gmail.com
       Address: ❌ NOT FOUND
       Skills [9]: marketing, insurance, sale management, technical support, retail banking, executive, ubi, sales  (+1 more)
  113  11786513 - Meet Patel.pdf Meet Patel                     8140290259     Male     ❌ N/A          meetpatel4341@gmail.com
       Address: | 107/1 kumbharwad,dungra,vapi 396193...
       Skills [22]: Quality Control, cGMP, Compliance, Hplc, Process Optimization, documentation, calibration, erp  (+14 more)
  116  11786518 - Rajesh Kumar Patel.pdf Rajesh Kumar                   +918953166860  Male     09/06/1992     patelrajeshkumar830@gmail.com
       Address: Mangu Bhai Ki Chawl Room no 03 Rakholi, Silvassa, Pin Code,3...
       Skills [8]: Internal Audit, planning, excel, erp, enterprise resource, Raw Material Handling, Quality Audits, PowerPoint
  115  11786515 - Guduri Omkar.pdf Guduri Omkar                   ❌ NOT FOUND    Female   ❌ N/A          omkarguduri51@gmail.com
       Address: ❌ NOT FOUND
       Skills [1]: data entry
  120  11786522 - Saumya Srivastava.pdf Saumya Srivastava              9939537102     ❌ N/A    ❌ N/A          saumyasrivastava1405@gmail.com
       Address: Muzaffarpur, Bihar...
       Skills [24]: Spc, Inspection, documentation, calibration, metrology, optimization, fmea, root cause analysis  (+16 more)
  102  11785963 - Meraj Alam.pdf First Division                 +917710927600  ❌ N/A    ❌ N/A          smraaj56@gmail.com
       Address: Near Imambada, Malwani Gate No.-7, Malad (west), Mumbai 4000...
       Skills [32]: troubleshooting, monitoring, optimization, preventive maintenance, time management, standard operating procedure, management system, smart work  (+24 more)
  110  11786491 - Rahul Gupta.pdf Rahul Gupta                    919399324996   Male     ❌ N/A          rahulgupta55948@gmail.com
       Address: (ZRO 90 T), (AF 40 T). Working Period from 25/02/2019 to 30/...
       Skills [7]: Sales, excel, document control, machine operator, sales executive, Production Planning, Process Control
  118  11786520 - Suraj Dubey.pdf Suraj Dubey                    +916386464665  Male     ❌ N/A          surajdubeyl082002@ginai1.com
       Address: Indore, Madhya Pradesh (452015), (+91) 6386464665...
       Skills [19]: cGMP, Compliance, formulation, troubleshooting, excel, erp, root cause analysis, good manufacturing practice  (+11 more)
  117  11786519 - Avinash Chaudhary.pdf Avinash                        +917844921912  ❌ N/A    ❌ N/A          avinashchaudhary1234@gmail.com
       Address: VAPI, GUJARAT AS an IPQA EXECUTIVE....
       Skills [21]: documentation, compliance, Process Validation, strategic thinking, time management, creative problem solve, problem solve, production process  (+13 more)
  114  11786514 - Jayesh Shimpi.pdf Jayesh Samadhan Shimpi         +919638165134  Male     15/10/2002     jayeshshimpi988@gmail.com
       Address: Nachankheda, Tal. Jamner, Dis. Jalgaon-424206 (Maharashtra)...
       Skills [11]: documentation, formulation, accredited, organizational, Process Validation, cGMP, time study, research  (+3 more)
  125  11786527 - Dhruvik Surani.pdf Dhruvik Jayantibhai Surani     8000902226     Male     ❌ N/A          dhruviksurani009@gmail.com
       Address: 📍 Surat, Gujarat...
       Skills [18]: optimization, excel, matlab, python, quality assurance, product management, experimental design, VIS  (+10 more)
  119  11786521 - Pramod Bhajantri.pdf Pramodbhajantri                8152971994     ❌ N/A    ❌ N/A          pramodbhajantri1111@gmail.com
       Address: ❌ NOT FOUND
       Skills [70]: agile, testing, troubleshooting, automation, authentication, authorization, cloud, devops  (+62 more)
  124  11786526 - Shruti Jagdish Gavanang.pdf Shruti Jagdish Gavanang        7378863451     Female   ❌ N/A          shrutigavanang31@gmail.com
       Address: Maharashtra Board, Maharashtra Board...
       Skills [6]: drawing, organizational, tds, qualifications qualification, consolidation, reading
  122  11786524 - Paurush Pratap.pdf Paurushpratap                  +919123220388  ❌ N/A    ❌ N/A          paurushpratap99@gmail.com
       Address: Vill- devardh khurd Post -keodhi Police station - kudra Dist...
       Skills [2]: r, c
  121  11786523 - Gayatri Shimpi.pdf Gayatri Narendra Shimpi        9579314474     Female   20/07/2000     shimpigayatri80@gmail.com
       Address: At lohara Tal shahada Dist Nandurbar 425444...
       Skills [17]: investigation, academic, calibration, autoclave, interpersonal skills, purify water, environmental monitoring, team orient  (+9 more)
  130  11786556 - Ravikant Singh.pdf Ravikant Singh                 9608355539     Female   10/10/1995     ravikantoct1@gmail.com
       Address: VILL - DHARAHARA, P.S - KRISHNABRAHAM, POST - TWININGGANJ, D...
       Skills [7]: excel, microsoft office, information technology, excel microsoft, c, grades grade, CSS
  123  11786525 - Paridhi Bodse.pdf Bodseparidhi                   +917987618820  Male     29/03/2002     bodseparidhi@gmail.com
       Address: ❌ NOT FOUND
       Skills [40]: Inventory Management, Six Sigma, Figma, Excel, lean, antimicrobial, bioinformatics, chromatography  (+32 more)
  133  11786559 - Gayatri Chalamalasetty.pdf Chalamalasetty. Gayathri       +918465985679  ❌ N/A    ❌ N/A          id-gayatrichalamalasetty@gmail.com
       Address: City -Ongole,State-AP, LinkedIn -www.linkedin.com/in/gayathr...
       Skills [12]: java, python, sql, Power BI, programming languages, numpy, pandas, matplotlib  (+4 more)
  127  11786529 - Abhishek Chauhan.pdf Abhishek Chauhan               +919889918238  Male     ❌ N/A          st.abhishekchauhan@gmail.com
       Address: ▪ 12 th passed from U.P Board with 1 St division with 67.24%...
       Skills [3]: academic, smart work, dec
  126  11786528 - Dhiraj Wangade.pdf Dhiraj Bapu Wangade            9284716865     Female   12/04/2004     wangadedhiraj@gmail.com
       Address: Dist- Ahmednagar...
       Skills [13]: documentation, hydraulic, kaizen, mechanical engineering, production planning, production line, technical documentation, dec  (+5 more)
  132  11786558 - Classification Internal.pdf Thejaswi.                      +919677690414  ❌ N/A    ❌ N/A          tejar273@gmail.com
       Address: ❌ NOT FOUND
       Skills [35]: Root Cause Analysis, Negotiation, Power BI, Rca, Six Sigma, Logistics, Process Optimization, Excel  (+27 more)
  137  11786563 - Amit Prajapati.pdf Amit Prajapati                 9510302105     Male     ❌ N/A          amitpra253@gmail.com
       Address: Jayveer Nagar Society Anavada, Patan-384265, 9510302105 •...
       Skills [2]: customer service, relationship management
  135  11786561 - Sanjay Shrivas.pdf Sanjay Shrivas                 +918818931329  Male     ❌ N/A          shrivassanju1@gmail.com
       Address: H.N. 39 New Purushottam Nagar Semra Kalan Bhopal, Madhya Pra...
       Skills [16]: Sales, crm, excel, interpersonal skills, sale presentation, customer relationship management, relationship management, strategic planning  (+8 more)
  138  11786564 - About Myself.pdf Sifa Zeeshan Shegle            +919970347234  Female   ❌ N/A          shifakondkari48@gmail.com
       Address: Future Heights, Flat No-902, Market Yard, Old Panvel, Raigad...
       Skills [8]: Sales, Import Export, academic, excel, biomass, positive attitude, Production Planning, Process Control
  136  11786562 - Ravindra Singh.pdf Ravindra Singh                 +919726368132  Male     ❌ N/A          amitsingh9824@gmail.com
       Address: Anand plastic sarigam, Ta- Umar gam, Dist.- Valsad...
       Skills [12]: electrical engineering, process control, write communication, internet skills, management, communication skill, supervision, motivation skill  (+4 more)
  128  11786530 - Amaan Siddiqui.pdf Amaan Siddiqui                 9893043465     Male     17/03/1995     e-mail-amaansiddiqui17@gmail.com
       Address: ADDERESS-116, AUGUSTUS KALIYASOAT DAM ROAD, KOLAR ROAD, BHOP...
       Skills [15]: Sales, time management, interpersonal skills, training and development, relationship building, problem solve, job description, target market  (+7 more)
  141  11786567 - Mosin Tamboli.pdf Mosin Tamboli                  +919284523602  Male     09/12/1995     mosinaslamtamboli@gmail.com
       Address: Maharashtra, India - 413534...
       Skills [5]: excel, Quality Control, cGMP, Equipment Calibration, Quality Audits
  131  11786557 - Sabyasachy Paul.pdf Sabyasachy Paul                9123757686     Male     ❌ N/A          joypl333@gmail.com
       Address: 61/A/1 Subhashnagar Talpukur Rishra, P.O – Morepukur, Dist- ...
       Skills [31]: Standard Operating Procedure, chromatography, immunology, discipline, aseptic technique, molecular biology, dna extraction, gel electrophoresis  (+23 more)
  100  11785961 - Gurmeet Singh.pdf Gur Singh                      ❌ NOT FOUND    ❌ N/A    ❌ N/A          gur143.singh@gmail.com
       Address: ❌ NOT FOUND
       Skills [2]: c, r
  139  11786565 - Anjaney Rai.pdf Anjaney Rai                    +917838739641  ❌ N/A    ❌ N/A          raianjaney80@gmail.com
       Address: Mob no: (+91) 7838739641 Address: Gorakhpur, U.P, 273413...
       Skills [12]: recruitment, academic, detail orient, employee engagement, distance learn, hotel management, operation management, decision make  (+4 more)
  146  11786572 - Harsh Rai.docx Prabhat Rai                    8009495297     Male     ❌ N/A          prabhatrai2525@gmail.com
       Address: Pali Khas Bansgoan Gorakhpur,(273403),U.P...
       Skills [4]: troubleshooting, blueprint reading, JavaScript, Project Management
  144  11786570 - Akshay Murumkar.pdf Hsc Ssc Multi                  8600084839     ❌ N/A    ❌ N/A          akshaymurumkar0303@gmail.com
       Address: At- Ratnapur , Ta - Jamkhed , Dist - Ahmednagar. Maharashtra...
       Skills [10]: r, c, Quality Assurance, Inspection, cGMP, Process Validation, SOP Documentation, Batch Manufacturing  (+2 more)
  140  11786566 - Pawan Gupta.pdf Pawan Kumar Gupta              6392639901     Male     ❌ N/A          guptapawan983@gmail.com
       Address: Gorakhpur, District- Gorakhpur U.P. 273015...
       Skills [2]: academic, operations
  149  11786575 - Dhruvik Patel.pdf Patel Dhruvik Maneshbhai       +918866102861  Male     ❌ N/A          dhruvikpatel2412@gmail.com
       Address: Via-malvan, Ta-valsad, Dist-valsad 396385...
       Skills [1]: internet applications
  142  11786568 - Radhe Mahato.pdf Radheshyam Mahato              7363845883     ❌ N/A    11/04/1999     radhemahato3395@gmail.com
       Address: Dekavada, Taluka: Detroj (Rampura) Dist.: Ahmedabad, State: ...
       Skills [14]: C, Kaizen, Extrusion, Change Control, academic, monitoring, production improvement, operating system  (+6 more)
  147  11786573 - Alka Yadav.pdf Alkayadav                      +919569274197  Male     ❌ N/A          548alka@gmail.com
       Address: ❌ NOT FOUND
       Skills [7]: tds, GLP, HACCP, poultry, r, beverages, microbiology
  152  11786606 - Ankit Kumar Tiwari.docx Ankit Kumar Tiwari             +919122696655  Male     ❌ N/A          rajankitssm@gmai.com
       Address: Vill-Patadhi,Post-Nad,Police Station-Shivsagar,Dist-Rohtas,B...
       Skills [7]: Hrms, Recruitment, Onboarding, Excel, time management, skill, HRMS/HRIS
  143  11786569 - Abhishek Singh.pdf Journey                        6387601243     ❌ N/A    ❌ N/A          abhisheksh0444@gmail.com
       Address: ❌ NOT FOUND
       Skills [5]: mechanical engineer, dec, r, c, CNC Machining
  148  11786574 - Trushil Ahir.pdf Trushil Ahir                   9824994014     ❌ N/A    ❌ N/A          ahirtrushil00@gmail.com
       Address: ❌ NOT FOUND
       Skills [32]: sustainability, campaigns, compliance, project management, detail orient, environmental engineering, interdisciplinary collaboration, fossil fuel  (+24 more)
  134  11786560 - Mohan Pawar.pdf Mohanpawar                     ❌ NOT FOUND    ❌ N/A    ❌ N/A          mohanpawar1323@gmail.com
       Address: ❌ NOT FOUND
       Skills [10]: calibration, Compression, time management, QMS, r, sampling, c, Quality Assurance  (+2 more)
  155  11786609 - Jaya Anil.pdf Jaya Anil Shejwal              9860675387     Female   02/12/1999     jayashejwal6@gmail.com
       Address: Year of Passing : 2022 Score : 87.03%...
       Skills [9]: cGMP, autoclave, ph meter, GLP, instrumentation, air flow, biosafety, incubators  (+1 more)
  145  11786571 - Bharat N Patil.pdf Bharat N Patil                 7984761067     Male     ❌ N/A          bp200694@gmail.com
       Address: Flat No.501 Jalak Solitaire Ambernath Thane 421501...
       Skills [43]: documentation, formulation, testing, troubleshooting, academia, calibration, drawings, inspection  (+35 more)
  150  11786576 - Sarvesh Kumar.pdf Sarvesh Kumar                  7618448239     Male     02/05/2005     sarvesh143aa@gmail.com
       Address: BASAI, ISLAM NAGAR, KASHIPUR, UDHAM SINGH NAGAR, UTTRAKHAND,...
       Skills [3]: mechanical engineering, islam, SEM
  159  11786614 - Shruti Yadav.pdf Shruti Yadav                   7754966368     Female   13/10/2002     shrutiy312@gmail.com
       Address: ❌ NOT FOUND
       Skills [7]: Quality Control, chromatography, testing, problem solve, team build, gas chromatography, universal testing machine
  154  11786608 - Tejas Ghoirat.pdf Tejas Vaman Ghoirat            +917721998024  Male     ❌ N/A          ghoirattejas27@gmail.com
       Address: Pune, India 412408...
       Skills [44]: coordination, documentation, automation, compliance, payroll, planning, optimization, reporting  (+36 more)
  161  11786616 - Amol Dighole.pdf Amol Dighole                   9960054640     ❌ N/A    ❌ N/A          amoldighole79@gmail.com
       Address: ❌ NOT FOUND
       Skills [23]: cGMP, Process Validation, Compliance, Internal Audit, Compression, Capa, Batch Manufacturing, Production Planning  (+15 more)
  151  11786577 - Sabiya Kazi.pdf Arif Kazi                      ❌ NOT FOUND    Male     ❌ N/A          sabiyakazi2002@gmail.com
       Address: (cid:1886) Pune, Maharashatra, </> GitHub, (cid:5389) 902810...
       Skills [48]: Data Analytics, Macros, Vlookup, Excel, Data Visualization, classification, academic, mysql  (+40 more)
  153  11786607 - Vaibhav Pandey.pdf Vaibhav Kumar Pandey           9027057949     ❌ N/A    11/03/2000     vaibhavkumar1132000@gmail.com
       Address: Village & Post – Tajpur chhaunk , Aghata Tehsil- Bidhuna...
       Skills [17]: documentation, external audit, job description, manufacturing process, ph meter, PCM, grinding, production report daily  (+9 more)
  156  11786610 - Vipulkumar Bhadane.pdf Vipulkumar Bhadane             9722889934     Male     ❌ N/A          vipulraje07@gmail.com
       Address:  Handling of DT apparatus (Lab India, Electrolab),  Karl-F...
       Skills [23]: documentation, calibration, excel, cGMP, ph meter, GLP, MHRA, QMS  (+15 more)
  162  11786617 - Chandra Kant.pdf Chandrakant                    +918252714946  Male     ❌ N/A          chandrakant880848@gmail.com
       Address: Raipura, Fatuha, Patna, Bihar, 803201...
       Skills [9]: ReactJS, excel, html, java, javascript, microsoft excel, CSS, library  (+1 more)
  165  11786620 - Shubham Mishra.docx Shubham Mishra                 8738055657     Male     07/09/1995     shubham.cms30@gmail.com
       Address: ❌ NOT FOUND
       Skills [27]: Problem Solving, Root Cause Analysis, Quality Control, Dispatch, Compliance, Internal Audit, Iso 9001, Inspection  (+19 more)
  164  11786619 - Raj Nai.pdf Nai Kamlesh                    9537020808     Male     ❌ N/A          kamleshnai155@gmail.com
       Address: Rambag road...
       Skills [6]: Equipment Maintenance, team leadership, c, Vendor Management, Production Planning, Process Control
  167  11786622 - Abhishek.pdf Karl Fischer                   +919335929795  ❌ N/A    ❌ N/A          abhishekm7880@gmail.com
       Address: Azamgarh 276404...
       Skills [11]: Quality Control, Compliance, documentation, testing, cGMP, regulatory compliance, ph meter, quality assurance  (+3 more)
  157  11786612 - Patel Hitesh.pdf Patel Hiteshkumar Thakorlal    +919909270271  Male     ❌ N/A          patelhitesh1403@gmail.com
       Address: Vijalpore Ghelkhadi Dist. Navsari-396445, Gujarat, India....
       Skills [26]: documentation, testing, inspection, OEE, control plan, corrective action, continuous production, workplace safety  (+18 more)
  166  11786621 - Mayur Patel.pdf Mayurmec                       +918866114497  ❌ N/A    ❌ N/A          mayurmec@gmail.com
       Address: • Logistics & Supply Chain Management | MITSDE, Pune, India ...
       Skills [35]: Negotiation, Compliance, Solidworks, Sourcing, Logistics, Inspection, Procurement, coordination  (+27 more)
  163  11786618 - Chandan Kumar.pdf Chandan Kumar                  9199836327     Male     ❌ N/A          chandan.k1704@gmail.com
       Address: BIHAR - 841506, Mob No. : 9199836327...
       Skills [4]: academic, relationship manager, experience manager, zoology
  158  11786613 - Fahad Ahmed.pdf Fahad Ahmed                    9406928249     ❌ N/A    ❌ N/A          fady61814@gmail.com
       Address: linkedin.com/in/fahad-ahmed-5 a 7 b 63222...
       Skills [22]: fabrication, autocad, excel, Coating, project management, resource management, strategic planning, metal coating  (+14 more)
  168  11786623 - Chandra Sekhar Sahu.pdf Chandra Sekhar Sahu            +918144628008  ❌ N/A    ❌ N/A          chandrasahu142@gmail.com
       Address: • Mayurbhanj, Odisha...
       Skills [24]: documentation, troubleshooting, reporting, Compression, quality control, machine operation, chemdraw, r  (+16 more)
  174  11790130 - Yash Patel.pdf M.sc. Chemistry                9725235147     Male     13/06/2003     yashpatel13062003@gmail.com
       Address: Olgam , darbadiya faliya, Ta – Valsad Dist – Valsad, Mob: 97...
       Skills [2]: laboratory, analytical skill
  169  11786633 - Bhushan Thete.pdf Customers. Actions             9579299090     ❌ N/A    22/11/1998     bhushanthete121@gmail.com
       Address: 1 st Grade, 2 nd Grade, 1 st Grade...
       Skills [26]: Quality Control, Compliance, Effluent Treatment Plant, Market Research, testing, inspection, iatf 16949, time management  (+18 more)
  173  11786637 - Shani Kumar.pdf Shani Kumar                    +918601066361  Female   ❌ N/A          shanik86010@gmail.com
       Address: HARYANA - 123106...
       Skills [14]: testing, caliper, excel, height gauge, quality control, performance testing, tools machine, micrometer  (+6 more)
  129  11786555 - June May.pdf Survkrishna                    ❌ NOT FOUND    ❌ N/A    ❌ N/A          survkrishna540@gmail.com
       Address: ❌ NOT FOUND
       Skills [2]: r, c
  172  11786636 - Mdshakil Khan.pdf Rasulpur Newada                7800724184     Male     10/10/2006     shakilkhan@gmail.com
       Address: ❌ NOT FOUND
       Skills [2]: electrical engineering, skills basic
  177  11790133 - Sourabh Baghel.pdf Sourabh Baghel                 8818961013     Male     13/06/2002     sourabhsingh1318@gmail.com
       Address: New Narshig Nagar Hazira Gwalior....
       Skills [5]: medical, problemsolving, communicative languages, bilingual, Quality Control
  171  11786635 - Shantanu Rajput.pdf Shantanu Sambhaji Rajput       9921838845     Male     ❌ N/A          rshantanu74@gmail.com
       Address: Rm no 202, 2 nd Floor Jeet Cottage, Malwani Village, Malad (...
       Skills [5]: academic, time management, problem solve, chemistry, positive attitude
  175  11790131 - Jay Patel.docx Jay Rajehbhai Patel            8156048557     Male     ❌ N/A          jayp30319@gmail.com
       Address: Masat Khadipada,Tipco Road...
       Skills [5]: disciplined self, self confidence, point internet, management, PowerPoint
  181  11790220 - Kuldeep Singh.pdf Kuldeep Singh                  +919105672713  Female   ❌ N/A          kuldeepsingh12may@gmail.com
       Address: 25 Acre Colony, Century Pulp & Paper Mill...
       Skills [5]: Material Handling, Dispatch, Enterprise Resource Planning, Sap, Raw Material Handling
  182  11790221 - Sadashiv Andher.pdf Sadashiv Andher                9328894901     ❌ N/A    ❌ N/A          sadashivandher11@gmail.com
       Address: Post. Bonta (Khoripada) U.T Of Dadra Nagar Haveli, Silvassa-...
       Skills [6]: excel, gst, problem solve, MS Word, PowerPoint, Tally
  180  11790137 - Adarsh Janjirala.pdf Janjirala Adarsh               +917671812449  ❌ N/A    ❌ N/A          adarshjanjirala745@gmail.com
       Address: ❌ NOT FOUND
       Skills [25]: ReactJS, Redis, React Native, Mongodb, microservices, html, Spring Boot, javascript  (+17 more)
  179  11790135 - Denish Gandhi.pdf Cadenishgandhi                 7405575423     ❌ N/A    ❌ N/A          cadenishgandhi@gmail.com
       Address: – 6/3015, Joshi Street, M G Road, Navsari, Gujarat...
       Skills [21]: Tds, Compliance, Taxation, Gst, Income Tax, documentation, excel, erp  (+13 more)
  170  11786634 - Druve.pdf   Makwana Dhavalkumar Laxmanbha  7802034021     Male     ❌ N/A          druve1285@gamil.com
       Address: Makwana Street, At & Po Kalak, Ta- Jambusar, Dist-Bharuch-39...
       Skills [18]: Material Handling, Coating, Cost Reduction, Preventive Maintenance, monitoring, optimization, organizational, organizational skill  (+10 more)
  185  11790224 - Bhusara Ankur.pdf Ankurlbhusara                  7043822058     ❌ N/A    ❌ N/A          ankurbhusara@586gmail.com
       Address: ❌ NOT FOUND
       Skills [9]: Material Handling, Dispatch, Enterprise Resource Planning, coordination, invoicing, executive, billing, operations  (+1 more)
  184  11790223 - Manish Desai.pdf Drmanish Desai                 +918454838287  ❌ N/A    ❌ N/A          drmanishdesai66@gmail.com
       Address: • Achieved sales of 55 KTA for India, Bangladesh, and Sri La...
       Skills [20]: Sales, Hdpe, Extrusion, Compression, injection molding, blow molding, compression molding, pipe  (+12 more)
  176  11790132 - Vivekkumar Rajeshbhai Valanju.pdf Ojas Patel                     7434911353     ❌ N/A    ❌ N/A          ojas.patel1984@gmail.com
       Address: ❌ NOT FOUND
       Skills [14]: chromatography, academic, excel, time management, production process, product quality, operational efficiency, analytical technique  (+6 more)
  178  11790134 - Rakshak Raj.pdf Rakshak Raj                    7070907754     Male     ❌ N/A          rakshak2102@gmail.com
       Address: Bihar - 802316, Mob No. : 7070907754...
       Skills [3]: academic, board school, motorcycles
  189  11790228 - Sarvesh Pandey.pdf Sarvesh Kumar Pandey           +919569886293  Male     09/10/2002     sarveshpandey956988@gmail.com
       Address: Place: Uttar Pradesh...
       Skills [12]: Excel, documentation, discipline, time management, internet research, business communication, typing, positive attitude  (+4 more)
  160  11786615 - Akshay Barve.pdf Akshaybarve                    9529753489     ❌ N/A    ❌ N/A          akshaybarve.7734@gmail.com
       Address: Sambhajinagar road,At post-Madsangav...
       Skills [27]: bls, documentation, civil, inspection, server, reporting, excel, html  (+19 more)
  187  11790226 - Patel Smit.docx Patel Smitkumar Jayeshbhai     8347763354     Male     25/12/1998     patelsmitj1998@gmail.com
       Address: Pathri, Dungari Faliya, Valsad-396007...
       Skills [1]: C
  188  11790227 - Abhishek Kumar.docx Nagriya Beerpur Saurikh Kanna  9151497364     Male     18/11/2003     abhishekkumar38842@gmail.com
       Address: Bandha Nagriya Beerpur Saurikh Kannauj (209747), Mob: 915149...
       Skills [1]: Dispatch
  192  11790231 - Kavya Kavi.pdf Kavya                          +917892945103  Female   ❌ N/A          kavyajkavi41@gmail.com
       Address: with ISO 9001 standards. Adept at using precision instrument...
       Skills [20]: Quality Control, Dispatch, Compliance, Inspection, testing, caliper, excel, erp  (+12 more)
  193  11790232 - Krishna Yadav.pdf Krishna Yadav                  +919258946446  Male     ❌ N/A          krishnayadav862001@gmail.com
       Address: 5 S & Shop Floor Safety Practices, Basic Mechanical Maintena...
       Skills [13]: Compliance, coordination, inspection, reporting, production planning, machine operation, quality control, visual inspection  (+5 more)
  186  11790225 - Humveer Singh.pdf Humveer Singh                  8218667505     Male     ❌ N/A          gautamsingh8213@gmail.com
       Address: B 9 Shivpuri Colony, Near Asopa Hospital Gailana Road Sikand...
       Skills [2]: academic, chemistry
  195  11790281 - Hardik Patel.pdf Hardik Dhirubhai Patel         9824519268     Male     14/04/1997     hardikpatelv1997@gmail.com
       Address: 336/A, Mota faliya, At-Vankal, Ta - Chikhli, Dist-Navsari., ...
       Skills [5]: c, MS Word, Excel, PowerPoint, Tally
  196  11790282 - Anil Mewada.pdf Anil Mewada                    7559391808     Male     18/08/2003     anilmewada2003@gmail.com
       Address: ❌ NOT FOUND
       Skills [12]: Negotiation, Sales, Bank Reconciliation, Gst, Internal Control, Accounting, excel, Power BI  (+4 more)
  199  11790285 - Mahatab Ali.pdf Mahatabali                     +919002537845  Male     ❌ N/A          mahatabali2013@gmail.com
       Address: (DUPCO), Qatar, in an ISO/IEC 17025, accredited laboratory. ...
       Skills [32]: Inventory Management, Tds, Compliance, Hplc, Kaizen, Standard Operating Procedure, laboratory, sample analysis  (+24 more)
  183  11790222 - Girish Shinde.pdf Girish Sanjay Shinde           ❌ NOT FOUND    Male     ❌ N/A          girishshinde.mils@gmail.com
       Address: Maharashtra State...
       Skills [16]: Recruitment, C, academic, organizational, career development, account development, work environment, recruitment executive  (+8 more)
  200  11790286 - Vishal Thakur.pdf Clerical Support               +916204836799  Male     ❌ N/A          thakurvishal5816@gmail.com
       Address: |Permanent Address | ANDAMA,KATRA, MUZAFFARPUR-843321|...
       Skills [10]: Standard Operating Procedure, Capa, Batch Manufacturing, Change Control, planning, time management, r, Quality Assurance  (+2 more)
  198  11790284 - Aryan Priyadarshi.pdf Aryan Priyadarshi              8252741255     Male     ❌ N/A          aryanjsr2001@gmail.com
       Address: 2251 Sastri Nagar Block No 04...
       Skills [7]: academic, automotive technology, quality inspector, foundry, Quality Assurance, Inspection, Quality Control
  190  11790229 - Praveen Borude.doc Praveen Borude                 ❌ NOT FOUND    ❌ N/A    ❌ N/A          ❌ NOT FOUND
       Address: Industrial Area –3, Dewas 455001 (M. P.) India...
       Skills [42]: Express, Inventory Management, cGMP, Dispatch, Compliance, C, Standard Operating Procedure, Windows Server  (+34 more)
  191  11790230 - Sonika Patel.pdf Patel Sonika                   8780389214     Female   ❌ N/A          sonikapatel1009@gmail.com
       Address: Internship (Msw) 4 th August 2023/24...
       Skills [10]: excel, u pass, c, internet typing, management leadership, writing, health services, health service  (+2 more)
  197  11790283 - Govadekar Vaibhav M.pdf Govadekar Vaibhav              7567802665     Male     ❌ N/A          vaibhavgowadekar@gmail.com
       Address: Add-591 Gujarat Housing Board, Surti Bhagol, Ta –, Ankleshwa...
       Skills [15]: Quality Control, Hplc, Sap, laboratory, reporting, ph meter, writing, c  (+7 more)
  194  11790279 - Pramod Singh.pdf Pramod Singh                   +919826251300  Male     ❌ N/A          bhartipramod6a@gmail.com
       Address: & Urea Plants of 2200 MTPD & 3850 MTPD, Barauni, Bihar and S...
       Skills [40]: Quality Control, Ndt, Quality Audit, Inspection, Aws, Hdpe, Autocad, marketing  (+32 more)

=======================================================================================================================================
💾 Validation report saved → D:\Project\ATS\ATS Email Parser\src\output\validation_report.json

───────────────────────────────────────────────────────────────────────────────────────────────────────────────────────────────────────
📊 PROCESSING SUMMARY:
   Total files processed : 200
   Successfully parsed   : 199 (99.5%)
   Extraction errors     : 1 (0.5%)

📋 EXTRACTION QUALITY:
   Names found    : 200/200 (100.0%)
   Emails found   : 198/200 (99.0%)
   Phones found   : 192/200 (96.0%)
   DOBs found     : 55/200 (27.5%)
   With skills    : 199/200 (99.5%)

💾 Results saved → D:\Project\ATS\ATS Email Parser\src\output\resume_parsed.json
   Log saved      → D:\Project\ATS\ATS Email Parser\src\output\parser.log
✅ Done.
